INFO:ZeroDayFuzzer:Starting zero-day discovery fuzzing...
INFO:ZeroDayFuzzer:This fuzzer will attempt to find unknown vulnerabilities
INFO:ZeroDayFuzzer:in your isolated FortiGate 8 lab environment.
INFO:ZeroDayFuzzer:Starting SSL-VPN fuzzing (100 iterations)
WARNING:ZeroDayFuzzer:⚠️  Potential vulnerability found: ZD_1785263971_7fb9d011
WARNING:ZeroDayFuzzer:⚠️  Potential vulnerability found: ZD_1785263974_773b4c53
WARNING:ZeroDayFuzzer:⚠️  Potential vulnerability found: ZD_1785263977_2d5299cc
WARNING:ZeroDayFuzzer:⚠️  Potential vulnerability found: ZD_1785263980_288fdaec
WARNING:ZeroDayFuzzer:⚠️  Potential vulnerability found: ZD_1785263983_742f9888
WARNING:ZeroDayFuzzer:⚠️  Potential vulnerability found: ZD_1785263986_33fa450a
WARNING:ZeroDayFuzzer:⚠️  Potential vulnerability found: ZD_1785263989_4efec43b
WARNING:ZeroDayFuzzer:⚠️  Potential vulnerability found: ZD_1785263992_b5f13140
WARNING:ZeroDayFuzzer:⚠️  Potential vulnerability found: ZD_1785263995_d2d62d88
WARNING:ZeroDayFuzzer:⚠️  Potential vulnerability found: ZD_1785263998_5ffd331a
WARNING:ZeroDayFuzzer:⚠️  Potential vulnerability found: ZD_1785264001_9dc82958
WARNING:ZeroDayFuzzer:⚠️  Potential vulnerability found: ZD_1785264004_02ee0523
WARNING:ZeroDayFuzzer:⚠️  Potential vulnerability found: ZD_1785264007_6baee6ea
WARNING:ZeroDayFuzzer:⚠️  Potential vulnerability found: ZD_1785264010_3a100ba5
WARNING:ZeroDayFuzzer:⚠️  Potential vulnerability found: ZD_1785264013_7859488e
WARNING:ZeroDayFuzzer:⚠️  Potential vulnerability found: ZD_1785264016_f5e73794
WARNING:ZeroDayFuzzer:⚠️  Potential vulnerability found: ZD_1785264019_09af03b5
WARNING:ZeroDayFuzzer:⚠️  Potential vulnerability found: ZD_1785264022_247314ec
WARNING:ZeroDayFuzzer:⚠️  Potential vulnerability found: ZD_1785264025_ac97df7b
WARNING:ZeroDayFuzzer:⚠️  Potential vulnerability found: ZD_1785264028_c944ce11
WARNING:ZeroDayFuzzer:⚠️  Potential vulnerability found: ZD_1785264031_0db7023f
WARNING:ZeroDayFuzzer:⚠️  Potential vulnerability found: ZD_1785264034_3c7b8f3e
WARNING:ZeroDayFuzzer:⚠️  Potential vulnerability found: ZD_1785264037_23fc5316
WARNING:ZeroDayFuzzer:⚠️  Potential vulnerability found: ZD_1785264040_11ac82d2
WARNING:ZeroDayFuzzer:⚠️  Potential vulnerability found: ZD_1785264043_78bc206a
WARNING:ZeroDayFuzzer:⚠️  Potential vulnerability found: ZD_1785264046_9e9e9da2
WARNING:ZeroDayFuzzer:⚠️  Potential vulnerability found: ZD_1785264049_38724f92
WARNING:ZeroDayFuzzer:⚠️  Potential vulnerability found: ZD_1785264052_ab108440
WARNING:ZeroDayFuzzer:⚠️  Potential vulnerability found: ZD_1785264055_2aceefd6
WARNING:ZeroDayFuzzer:⚠️  Potential vulnerability found: ZD_1785264058_9fb2cdae
WARNING:ZeroDayFuzzer:⚠️  Potential vulnerability found: ZD_1785264061_38278cb6
WARNING:ZeroDayFuzzer:⚠️  Potential vulnerability found: ZD_1785264064_bce3b4a8
WARNING:ZeroDayFuzzer:⚠️  Potential vulnerability found: ZD_1785264067_012805ae
WARNING:ZeroDayFuzzer:⚠️  Potential vulnerability found: ZD_1785264070_f2efda93
WARNING:ZeroDayFuzzer:⚠️  Potential vulnerability found: ZD_1785264073_9f3f9670
WARNING:ZeroDayFuzzer:⚠️  Potential vulnerability found: ZD_1785264076_efb76de7
WARNING:ZeroDayFuzzer:⚠️  Potential vulnerability found: ZD_1785264079_9a4a6a7e
WARNING:ZeroDayFuzzer:⚠️  Potential vulnerability found: ZD_1785264082_7ad09362
WARNING:ZeroDayFuzzer:⚠️  Potential vulnerability found: ZD_1785264085_3b04d9f5
WARNING:ZeroDayFuzzer:⚠️  Potential vulnerability found: ZD_1785264088_676a1553
WARNING:ZeroDayFuzzer:⚠️  Potential vulnerability found: ZD_1785264091_1aa75fa5
WARNING:ZeroDayFuzzer:⚠️  Potential vulnerability found: ZD_1785264094_61dbff56
WARNING:ZeroDayFuzzer:⚠️  Potential vulnerability found: ZD_1785264097_d5877663
WARNING:ZeroDayFuzzer:⚠️  Potential vulnerability found: ZD_1785264100_27ffcfe6
WARNING:ZeroDayFuzzer:⚠️  Potential vulnerability found: ZD_1785264103_c7ffcfa5
WARNING:ZeroDayFuzzer:⚠️  Potential vulnerability found: ZD_1785264106_4e04ab78
WARNING:ZeroDayFuzzer:⚠️  Potential vulnerability found: ZD_1785264109_13f7b13a
WARNING:ZeroDayFuzzer:⚠️  Potential vulnerability found: ZD_1785264112_3f50565e
WARNING:ZeroDayFuzzer:⚠️  Potential vulnerability found: ZD_1785264115_732aa79b
WARNING:ZeroDayFuzzer:⚠️  Potential vulnerability found: ZD_1785264118_97b32732
WARNING:ZeroDayFuzzer:⚠️  Potential vulnerability found: ZD_1785264121_24d26e98
WARNING:ZeroDayFuzzer:⚠️  Potential vulnerability found: ZD_1785264124_c8b3ab3a
WARNING:ZeroDayFuzzer:⚠️  Potential vulnerability found: ZD_1785264127_88443b10
WARNING:ZeroDayFuzzer:⚠️  Potential vulnerability found: ZD_1785264130_1aa6a044
WARNING:ZeroDayFuzzer:⚠️  Potential vulnerability found: ZD_1785264133_565d1114
WARNING:ZeroDayFuzzer:⚠️  Potential vulnerability found: ZD_1785264136_7fb4858b
WARNING:ZeroDayFuzzer:⚠️  Potential vulnerability found: ZD_1785264139_a768998f
WARNING:ZeroDayFuzzer:⚠️  Potential vulnerability found: ZD_1785264142_58a32095
WARNING:ZeroDayFuzzer:⚠️  Potential vulnerability found: ZD_1785264145_3591722a
WARNING:ZeroDayFuzzer:⚠️  Potential vulnerability found: ZD_1785264148_1cb662e2
WARNING:ZeroDayFuzzer:⚠️  Potential vulnerability found: ZD_1785264151_0b6fd7d4
WARNING:ZeroDayFuzzer:⚠️  Potential vulnerability found: ZD_1785264154_c09aa317
WARNING:ZeroDayFuzzer:⚠️  Potential vulnerability found: ZD_1785264157_dceb3100
WARNING:ZeroDayFuzzer:⚠️  Potential vulnerability found: ZD_1785264160_a3fdae35
WARNING:ZeroDayFuzzer:⚠️  Potential vulnerability found: ZD_1785264163_84084887
WARNING:ZeroDayFuzzer:⚠️  Potential vulnerability found: ZD_1785264166_87cbeffe
WARNING:ZeroDayFuzzer:⚠️  Potential vulnerability found: ZD_1785264169_5de90959
WARNING:ZeroDayFuzzer:⚠️  Potential vulnerability found: ZD_1785264172_1a2d3d69
WARNING:ZeroDayFuzzer:⚠️  Potential vulnerability found: ZD_1785264175_6d7fdf8d
WARNING:ZeroDayFuzzer:⚠️  Potential vulnerability found: ZD_1785264178_ec2c1156
WARNING:ZeroDayFuzzer:⚠️  Potential vulnerability found: ZD_1785264181_004e0585
WARNING:ZeroDayFuzzer:⚠️  Potential vulnerability found: ZD_1785264184_d264b8a7
WARNING:ZeroDayFuzzer:⚠️  Potential vulnerability found: ZD_1785264187_1fefb6a3
WARNING:ZeroDayFuzzer:⚠️  Potential vulnerability found: ZD_1785264190_1fd47526
WARNING:ZeroDayFuzzer:⚠️  Potential vulnerability found: ZD_1785264193_06e64906
WARNING:ZeroDayFuzzer:⚠️  Potential vulnerability found: ZD_1785264196_eac72566
WARNING:ZeroDayFuzzer:⚠️  Potential vulnerability found: ZD_1785264199_29d636bc
WARNING:ZeroDayFuzzer:⚠️  Potential vulnerability found: ZD_1785264202_0db81d78
WARNING:ZeroDayFuzzer:⚠️  Potential vulnerability found: ZD_1785264205_4fba06c7
WARNING:ZeroDayFuzzer:⚠️  Potential vulnerability found: ZD_1785264208_2b1a5a72
WARNING:ZeroDayFuzzer:⚠️  Potential vulnerability found: ZD_1785264211_8651eb8e
WARNING:ZeroDayFuzzer:⚠️  Potential vulnerability found: ZD_1785264214_ff086b9b
WARNING:ZeroDayFuzzer:⚠️  Potential vulnerability found: ZD_1785264217_3e5994b0
WARNING:ZeroDayFuzzer:⚠️  Potential vulnerability found: ZD_1785264220_b5a4a5b1
WARNING:ZeroDayFuzzer:⚠️  Potential vulnerability found: ZD_1785264223_5d4c1b95
WARNING:ZeroDayFuzzer:⚠️  Potential vulnerability found: ZD_1785264226_e90f2704
WARNING:ZeroDayFuzzer:⚠️  Potential vulnerability found: ZD_1785264229_bd9818cd
WARNING:ZeroDayFuzzer:⚠️  Potential vulnerability found: ZD_1785264232_11a2823f
WARNING:ZeroDayFuzzer:⚠️  Potential vulnerability found: ZD_1785264235_33fb5f09
WARNING:ZeroDayFuzzer:⚠️  Potential vulnerability found: ZD_1785264238_1e55fac7
WARNING:ZeroDayFuzzer:⚠️  Potential vulnerability found: ZD_1785264241_b68b2d01
WARNING:ZeroDayFuzzer:⚠️  Potential vulnerability found: ZD_1785264244_97c11d4c
WARNING:ZeroDayFuzzer:⚠️  Potential vulnerability found: ZD_1785264247_f2a86db1
WARNING:ZeroDayFuzzer:⚠️  Potential vulnerability found: ZD_1785264250_45043bf2
WARNING:ZeroDayFuzzer:⚠️  Potential vulnerability found: ZD_1785264253_9337992c
WARNING:ZeroDayFuzzer:⚠️  Potential vulnerability found: ZD_1785264256_d573cbc3
WARNING:ZeroDayFuzzer:⚠️  Potential vulnerability found: ZD_1785264259_eeff48d5
WARNING:ZeroDayFuzzer:⚠️  Potential vulnerability found: ZD_1785264262_2268b6da
WARNING:ZeroDayFuzzer:⚠️  Potential vulnerability found: ZD_1785264265_6bbfa7fa
WARNING:ZeroDayFuzzer:⚠️  Potential vulnerability found: ZD_1785264268_d6387509
WARNING:ZeroDayFuzzer:⚠️  Potential vulnerability found: ZD_1785264271_fb920a9c
WARNING:ZeroDayFuzzer:⚠️  Potential vulnerability found: ZD_1785264274_43287110
WARNING:ZeroDayFuzzer:⚠️  Potential vulnerability found: ZD_1785264277_46c53e5f
WARNING:ZeroDayFuzzer:⚠️  Potential vulnerability found: ZD_1785264280_4fe857ca
WARNING:ZeroDayFuzzer:⚠️  Potential vulnerability found: ZD_1785264283_41f732ce
WARNING:ZeroDayFuzzer:⚠️  Potential vulnerability found: ZD_1785264286_ae783f54
WARNING:ZeroDayFuzzer:⚠️  Potential vulnerability found: ZD_1785264289_422e0c95
WARNING:ZeroDayFuzzer:⚠️  Potential vulnerability found: ZD_1785264292_25cb433d
WARNING:ZeroDayFuzzer:⚠️  Potential vulnerability found: ZD_1785264295_fe1cde9c
WARNING:ZeroDayFuzzer:⚠️  Potential vulnerability found: ZD_1785264298_a92eacc2
WARNING:ZeroDayFuzzer:⚠️  Potential vulnerability found: ZD_1785264301_092dabb7
WARNING:ZeroDayFuzzer:⚠️  Potential vulnerability found: ZD_1785264304_7a32ff8a
WARNING:ZeroDayFuzzer:⚠️  Potential vulnerability found: ZD_1785264307_52dac5cc
WARNING:ZeroDayFuzzer:⚠️  Potential vulnerability found: ZD_1785264310_59d08fe1
WARNING:ZeroDayFuzzer:⚠️  Potential vulnerability found: ZD_1785264313_7ae9bccb
WARNING:ZeroDayFuzzer:⚠️  Potential vulnerability found: ZD_1785264316_dac5f766
WARNING:ZeroDayFuzzer:⚠️  Potential vulnerability found: ZD_1785264319_0b2001d4
WARNING:ZeroDayFuzzer:⚠️  Potential vulnerability found: ZD_1785264322_1cedebb5
WARNING:ZeroDayFuzzer:⚠️  Potential vulnerability found: ZD_1785264325_5f1ae36d
WARNING:ZeroDayFuzzer:⚠️  Potential vulnerability found: ZD_1785264328_dc7150aa
WARNING:ZeroDayFuzzer:⚠️  Potential vulnerability found: ZD_1785264331_9ed9c226
WARNING:ZeroDayFuzzer:⚠️  Potential vulnerability found: ZD_1785264334_d07e4542
WARNING:ZeroDayFuzzer:⚠️  Potential vulnerability found: ZD_1785264337_ed1d3110
WARNING:ZeroDayFuzzer:⚠️  Potential vulnerability found: ZD_1785264340_ebe12c87
WARNING:ZeroDayFuzzer:⚠️  Potential vulnerability found: ZD_1785264343_d2edd0f4
WARNING:ZeroDayFuzzer:⚠️  Potential vulnerability found: ZD_1785264346_d9ec3c13
WARNING:ZeroDayFuzzer:⚠️  Potential vulnerability found: ZD_1785264349_d3f2c835
WARNING:ZeroDayFuzzer:⚠️  Potential vulnerability found: ZD_1785264352_3b7a5729
WARNING:ZeroDayFuzzer:⚠️  Potential vulnerability found: ZD_1785264355_81a5d107
WARNING:ZeroDayFuzzer:⚠️  Potential vulnerability found: ZD_1785264358_80bef7e1
WARNING:ZeroDayFuzzer:⚠️  Potential vulnerability found: ZD_1785264361_185a927c
WARNING:ZeroDayFuzzer:⚠️  Potential vulnerability found: ZD_1785264364_a8d992aa
WARNING:ZeroDayFuzzer:⚠️  Potential vulnerability found: ZD_1785264367_6a6a08d0
WARNING:ZeroDayFuzzer:⚠️  Potential vulnerability found: ZD_1785264370_fe7aeaaa
WARNING:ZeroDayFuzzer:⚠️  Potential vulnerability found: ZD_1785264373_00d715b2
WARNING:ZeroDayFuzzer:⚠️  Potential vulnerability found: ZD_1785264376_1327c763
WARNING:ZeroDayFuzzer:⚠️  Potential vulnerability found: ZD_1785264379_f9a783e5
WARNING:ZeroDayFuzzer:⚠️  Potential vulnerability found: ZD_1785264382_1a8ec3ac
WARNING:ZeroDayFuzzer:⚠️  Potential vulnerability found: ZD_1785264385_7af64d4b
WARNING:ZeroDayFuzzer:⚠️  Potential vulnerability found: ZD_1785264388_23412edb
WARNING:ZeroDayFuzzer:⚠️  Potential vulnerability found: ZD_1785264391_0503dfb1
WARNING:ZeroDayFuzzer:⚠️  Potential vulnerability found: ZD_1785264394_35d0aa44
WARNING:ZeroDayFuzzer:⚠️  Potential vulnerability found: ZD_1785264397_69c22f3b
WARNING:ZeroDayFuzzer:⚠️  Potential vulnerability found: ZD_1785264400_d798eefe
WARNING:ZeroDayFuzzer:⚠️  Potential vulnerability found: ZD_1785264403_3125b2f6
WARNING:ZeroDayFuzzer:⚠️  Potential vulnerability found: ZD_1785264406_91239238
WARNING:ZeroDayFuzzer:⚠️  Potential vulnerability found: ZD_1785264409_f06e77c5
WARNING:ZeroDayFuzzer:⚠️  Potential vulnerability found: ZD_1785264412_5f37731f
WARNING:ZeroDayFuzzer:⚠️  Potential vulnerability found: ZD_1785264415_b96f7c48
WARNING:ZeroDayFuzzer:⚠️  Potential vulnerability found: ZD_1785264418_cd22a20d
WARNING:ZeroDayFuzzer:⚠️  Potential vulnerability found: ZD_1785264421_dd127e9d
WARNING:ZeroDayFuzzer:⚠️  Potential vulnerability found: ZD_1785264424_61c8ba87
WARNING:ZeroDayFuzzer:⚠️  Potential vulnerability found: ZD_1785264427_b1e55e56
WARNING:ZeroDayFuzzer:⚠️  Potential vulnerability found: ZD_1785264430_8320138f
WARNING:ZeroDayFuzzer:⚠️  Potential vulnerability found: ZD_1785264433_969b5190
WARNING:ZeroDayFuzzer:⚠️  Potential vulnerability found: ZD_1785264436_87247e12
WARNING:ZeroDayFuzzer:⚠️  Potential vulnerability found: ZD_1785264439_64df4941
WARNING:ZeroDayFuzzer:⚠️  Potential vulnerability found: ZD_1785264443_b3f23184
WARNING:ZeroDayFuzzer:⚠️  Potential vulnerability found: ZD_1785264446_d8f702cc
WARNING:ZeroDayFuzzer:⚠️  Potential vulnerability found: ZD_1785264449_363b96a8
WARNING:ZeroDayFuzzer:⚠️  Potential vulnerability found: ZD_1785264452_1e449a17
WARNING:ZeroDayFuzzer:⚠️  Potential vulnerability found: ZD_1785264455_bc4cb941
WARNING:ZeroDayFuzzer:⚠️  Potential vulnerability found: ZD_1785264458_1733beb0
WARNING:ZeroDayFuzzer:⚠️  Potential vulnerability found: ZD_1785264461_4cf02365
WARNING:ZeroDayFuzzer:⚠️  Potential vulnerability found: ZD_1785264464_318daa08
WARNING:ZeroDayFuzzer:⚠️  Potential vulnerability found: ZD_1785264467_4f72ae3c
WARNING:ZeroDayFuzzer:⚠️  Potential vulnerability found: ZD_1785264470_78c3c454
